// Jest Snapshot v1, https://goo.gl/fbAQLP

exports[`profile-block renders correctly 1`] = `
<section
  class="profile-block"
  id="tested_id"
>
  <header
    class="profile-block__header"
  >
    <h2
      class="profile-block__title"
    >
      Tested title
    </h2>
     
    <a
      class="btn btn--small"
      href="#0"
    >
      Edit
    </a>
  </header>
   
  <div
    class="profile-block__main"
  >
    <div>
      Tested slot
    </div>
  </div>
</section>
`;
